=== docker build -t flashsale:1.0 . ===
#8 1.581 Installing collected packages: markupsafe, itsdangerous, gunicorn, click, blinker, werkzeug, jinja2, flask
#8 1.840 Successfully installed blinker-1.9.0 click-8.5.0 flask-3.1.3 gunicorn-26.2.0 itsdangerous-2.2.0 jinja2-3.1.6 markupsafe-3.0.3 werkzeug-3.1.8
#8 1.840 WARNING: Running pip as the 'root' user can result in broken permissions and conflicting behaviour with the system package manager. It is recommended to use a virtual environment instead: https://pip.pypa.io/warnings/venv
#8 1.918 
#8 1.918 [notice] A new release of pip is available: 24.0 -> 26.2.1
#8 1.918 [notice] To update, run: pip install --upgrade pip
#8 DONE 2.0s

#9 exporting to image
#9 exporting layers 0.1s done
#9 writing image sha256:c708f3f8d6ba9a9188d2a3ecc0b6410b4e33c69be73275d365354e38ef675d73 done
#9 naming to docker.io/library/flashsale:1.0 done
#9 DONE 0.1s

View build details: docker-desktop://dashboard/build/default/default/6vw7jwvaa8ybxonb5m05cqz28

=== kubectl apply -f flashsale-replicaset.yaml ===
replicaset.apps/flashsale-rs created
service/flashsale-svc created
=== kubectl get pods (initial, 3 replicas) ===
NAME                 READY   STATUS    RESTARTS   AGE
flashsale-rs-hjhdq   1/1     Running   0          8s
flashsale-rs-w8d5n   1/1     Running   0          8s
flashsale-rs-whqsx   1/1     Running   0          8s

=== kubectl get rs ===
NAME           DESIRED   CURRENT   READY   AGE
flashsale-rs   3         3         3       8s

=== kubectl scale rs flashsale-rs --replicas=5 ===
replicaset.apps/flashsale-rs scaled

=== kubectl get rs (after scale) ===
NAME           DESIRED   CURRENT   READY   AGE
flashsale-rs   5         5         3       13s

=== kubectl get pods -o wide (after scale) ===
NAME                 READY   STATUS    RESTARTS   AGE   IP           NODE       NOMINATED NODE   READINESS GATES
flashsale-rs-hjhdq   1/1     Running   0          13s   10.244.0.7   minikube   <none>           <none>
flashsale-rs-vgjbd   0/1     Running   0          5s    10.244.0.8   minikube   <none>           <none>
flashsale-rs-w8d5n   1/1     Running   0          13s   10.244.0.6   minikube   <none>           <none>
flashsale-rs-wbpf8   0/1     Running   0          5s    10.244.0.9   minikube   <none>           <none>
flashsale-rs-whqsx   1/1     Running   0          13s   10.244.0.5   minikube   <none>           <none>
=== kubectl get pods (all 5 ready) ===
NAME                 READY   STATUS    RESTARTS   AGE
flashsale-rs-hjhdq   1/1     Running   0          19s
flashsale-rs-vgjbd   1/1     Running   0          11s
flashsale-rs-w8d5n   1/1     Running   0          19s
flashsale-rs-wbpf8   1/1     Running   0          11s
flashsale-rs-whqsx   1/1     Running   0          19s

=== kubectl delete pod flashsale-rs-hjhdq ===
pod "flashsale-rs-hjhdq" deleted from default namespace

=== kubectl get pods (after delete, self-healed) ===
NAME                 READY   STATUS    RESTARTS   AGE   IP            NODE       NOMINATED NODE   READINESS GATES
flashsale-rs-cqvt7   1/1     Running   0          7s    10.244.0.10   minikube   <none>           <none>
flashsale-rs-vgjbd   1/1     Running   0          18s   10.244.0.8    minikube   <none>           <none>
flashsale-rs-w8d5n   1/1     Running   0          26s   10.244.0.6    minikube   <none>           <none>
flashsale-rs-wbpf8   1/1     Running   0          18s   10.244.0.9    minikube   <none>           <none>
flashsale-rs-whqsx   1/1     Running   0          26s   10.244.0.5    minikube   <none>           <none>
{"item":"Headphones","served_by_pod":"flashsale-rs-w8d5n","status":"success","time":"19:23:41","user":"user562"}

{"item":"Headphones","served_by_pod":"flashsale-rs-w8d5n","status":"success","time":"19:23:41","user":"user575"}

{"item":"Shoes","served_by_pod":"flashsale-rs-w8d5n","status":"success","time":"19:23:41","user":"user776"}

{"item":"Headphones","served_by_pod":"flashsale-rs-w8d5n","status":"success","time":"19:23:41","user":"user245"}

{"item":"Smartphone","served_by_pod":"flashsale-rs-w8d5n","status":"success","time":"19:23:41","user":"user738"}

{"item":"Headphones","served_by_pod":"flashsale-rs-w8d5n","status":"success","time":"19:23:41","user":"user949"}

=== /health ===
{"pod":"flashsale-rs-w8d5n","status":"healthy"}

NAME                 READY   STATUS    RESTARTS   AGE   IP            NODE       NOMINATED NODE   READINESS GATES
flashsale-rs-cqvt7   1/1     Running   0          21s   10.244.0.10   minikube   <none>           <none>
flashsale-rs-vgjbd   1/1     Running   0          32s   10.244.0.8    minikube   <none>           <none>
flashsale-rs-w8d5n   1/1     Running   0          40s   10.244.0.6    minikube   <none>           <none>
flashsale-rs-wbpf8   1/1     Running   0          32s   10.244.0.9    minikube   <none>           <none>
flashsale-rs-whqsx   1/1     Running   0          40s   10.244.0.5    minikube   <none>           <none>

=== final: kubectl get rs ===
NAME           DESIRED   CURRENT   READY   AGE
flashsale-rs   5         5         5       40s
